// Jest Snapshot v1, https://goo.gl/fbAQLP

exports[`Frame 1`] = `
<Fragment>
  <iframe
    frameBorder="0"
    src="url"
    style={
      Object {
        "height": "100vh",
        "width": "100%",
      }
    }
    title="iframe"
  />
</Fragment>
`;
